x0  = 0x00000000 (0)
x1  = 0x00000100 (256)
x2  = 0x00000005 (5)
x3  = 0x00000008 (8)
x4  = 0x0000000A (10)
x5  = 0x00000014 (20)
x6  = 0x00000005 (5)
x7  = 0x0000000C (12)
x8  = 0x0000000F (15)
x9  = 0x00000001 (1)
x10 = 0x00000017 (23)
x11 = 0x00000008 (8)
x12 = 0x00000001 (1)
x13 = 0x0000000C (12)
x14 = 0x00000003 (3)
x15 = 0x00000007 (7)
x16 = 0x0000000C (12)
x17 = 0x00000000 (0)
x18 = 0x00000000 (0)
x19 = 0x00000000 (0)
x20 = 0x00000000 (0)
x21 = 0x00000000 (0)
x22 = 0x00000000 (0)
x23 = 0x00000000 (0)
x24 = 0x00000000 (0)
x25 = 0x00000000 (0)
x26 = 0x00000000 (0)
x27 = 0x00000000 (0)
x28 = 0x00000000 (0)
x29 = 0x00000000 (0)
x30 = 0x00000000 (0)
x31 = 0x00000000 (0)
