STALL | pc=0x00000004 instr=0x00108093 type=addi reason=RAW-EX rs1=x1 rs2=x0
STALL | pc=0x00000004 instr=0x00108093 type=addi reason=RAW-MEM rs1=x1 rs2=x0
STALL | pc=0x00000004 instr=0x00108093 type=addi reason=RAW-WB rs1=x1 rs2=x0
STALL | pc=0x00000008 instr=0x00108093 type=addi reason=RAW-EX rs1=x1 rs2=x0
STALL | pc=0x00000008 instr=0x00108093 type=addi reason=RAW-MEM rs1=x1 rs2=x0
STALL | pc=0x00000008 instr=0x00108093 type=addi reason=RAW-WB rs1=x1 rs2=x0
STALL | pc=0x0000000C instr=0x00108093 type=addi reason=RAW-EX rs1=x1 rs2=x0
STALL | pc=0x0000000C instr=0x00108093 type=addi reason=RAW-MEM rs1=x1 rs2=x0
STALL | pc=0x0000000C instr=0x00108093 type=addi reason=RAW-WB rs1=x1 rs2=x0
STALL | pc=0x00000010 instr=0x00108093 type=addi reason=RAW-EX rs1=x1 rs2=x0
STALL | pc=0x00000010 instr=0x00108093 type=addi reason=RAW-MEM rs1=x1 rs2=x0
STALL | pc=0x00000010 instr=0x00108093 type=addi reason=RAW-WB rs1=x1 rs2=x0
STALL | pc=0x00000014 instr=0x00108093 type=addi reason=RAW-EX rs1=x1 rs2=x0
STALL | pc=0x00000014 instr=0x00108093 type=addi reason=RAW-MEM rs1=x1 rs2=x0
STALL | pc=0x00000014 instr=0x00108093 type=addi reason=RAW-WB rs1=x1 rs2=x0
STALL | pc=0x00000018 instr=0x00108093 type=addi reason=RAW-EX rs1=x1 rs2=x0
STALL | pc=0x00000018 instr=0x00108093 type=addi reason=RAW-MEM rs1=x1 rs2=x0
STALL | pc=0x00000018 instr=0x00108093 type=addi reason=RAW-WB rs1=x1 rs2=x0
STALL | pc=0x0000001C instr=0x00108093 type=addi reason=RAW-EX rs1=x1 rs2=x0
STALL | pc=0x0000001C instr=0x00108093 type=addi reason=RAW-MEM rs1=x1 rs2=x0
STALL | pc=0x0000001C instr=0x00108093 type=addi reason=RAW-WB rs1=x1 rs2=x0
STALL | pc=0x00000020 instr=0x00108093 type=addi reason=RAW-EX rs1=x1 rs2=x0
STALL | pc=0x00000020 instr=0x00108093 type=addi reason=RAW-MEM rs1=x1 rs2=x0
STALL | pc=0x00000020 instr=0x00108093 type=addi reason=RAW-WB rs1=x1 rs2=x0
STALL | pc=0x00000024 instr=0x00108093 type=addi reason=RAW-EX rs1=x1 rs2=x0
STALL | pc=0x00000024 instr=0x00108093 type=addi reason=RAW-MEM rs1=x1 rs2=x0
STALL | pc=0x00000024 instr=0x00108093 type=addi reason=RAW-WB rs1=x1 rs2=x0
STALL | pc=0x00000028 instr=0x00108093 type=addi reason=RAW-EX rs1=x1 rs2=x0
STALL | pc=0x00000028 instr=0x00108093 type=addi reason=RAW-MEM rs1=x1 rs2=x0
STALL | pc=0x00000028 instr=0x00108093 type=addi reason=RAW-WB rs1=x1 rs2=x0
STALL | pc=0x0000002C instr=0x00108093 type=addi reason=RAW-EX rs1=x1 rs2=x0
STALL | pc=0x0000002C instr=0x00108093 type=addi reason=RAW-MEM rs1=x1 rs2=x0
STALL | pc=0x0000002C instr=0x00108093 type=addi reason=RAW-WB rs1=x1 rs2=x0
STALL | pc=0x00000030 instr=0x00108093 type=addi reason=RAW-EX rs1=x1 rs2=x0
STALL | pc=0x00000030 instr=0x00108093 type=addi reason=RAW-MEM rs1=x1 rs2=x0
STALL | pc=0x00000030 instr=0x00108093 type=addi reason=RAW-WB rs1=x1 rs2=x0
STALL | pc=0x00000034 instr=0x00108093 type=addi reason=RAW-EX rs1=x1 rs2=x0
STALL | pc=0x00000034 instr=0x00108093 type=addi reason=RAW-MEM rs1=x1 rs2=x0
STALL | pc=0x00000034 instr=0x00108093 type=addi reason=RAW-WB rs1=x1 rs2=x0
STALL | pc=0x00000038 instr=0x00108093 type=addi reason=RAW-EX rs1=x1 rs2=x0
STALL | pc=0x00000038 instr=0x00108093 type=addi reason=RAW-MEM rs1=x1 rs2=x0
STALL | pc=0x00000038 instr=0x00108093 type=addi reason=RAW-WB rs1=x1 rs2=x0
STALL | pc=0x0000003C instr=0x00108093 type=addi reason=RAW-EX rs1=x1 rs2=x0
STALL | pc=0x0000003C instr=0x00108093 type=addi reason=RAW-MEM rs1=x1 rs2=x0
STALL | pc=0x0000003C instr=0x00108093 type=addi reason=RAW-WB rs1=x1 rs2=x0
STALL | pc=0x00000040 instr=0x00108093 type=addi reason=RAW-EX rs1=x1 rs2=x0
STALL | pc=0x00000040 instr=0x00108093 type=addi reason=RAW-MEM rs1=x1 rs2=x0
STALL | pc=0x00000040 instr=0x00108093 type=addi reason=RAW-WB rs1=x1 rs2=x0
STALL | pc=0x00000044 instr=0x00108093 type=addi reason=RAW-EX rs1=x1 rs2=x0
STALL | pc=0x00000044 instr=0x00108093 type=addi reason=RAW-MEM rs1=x1 rs2=x0
STALL | pc=0x00000044 instr=0x00108093 type=addi reason=RAW-WB rs1=x1 rs2=x0
STALL | pc=0x00000048 instr=0x00108093 type=addi reason=RAW-EX rs1=x1 rs2=x0
STALL | pc=0x00000048 instr=0x00108093 type=addi reason=RAW-MEM rs1=x1 rs2=x0
STALL | pc=0x00000048 instr=0x00108093 type=addi reason=RAW-WB rs1=x1 rs2=x0
STALL | pc=0x0000004C instr=0x00108093 type=addi reason=RAW-EX rs1=x1 rs2=x0
STALL | pc=0x0000004C instr=0x00108093 type=addi reason=RAW-MEM rs1=x1 rs2=x0
STALL | pc=0x0000004C instr=0x00108093 type=addi reason=RAW-WB rs1=x1 rs2=x0
STALL | pc=0x00000050 instr=0x00108093 type=addi reason=RAW-EX rs1=x1 rs2=x0
STALL | pc=0x00000050 instr=0x00108093 type=addi reason=RAW-MEM rs1=x1 rs2=x0
STALL | pc=0x00000050 instr=0x00108093 type=addi reason=RAW-WB rs1=x1 rs2=x0
STALL | pc=0x00000054 instr=0x00108093 type=addi reason=RAW-EX rs1=x1 rs2=x0
STALL | pc=0x00000054 instr=0x00108093 type=addi reason=RAW-MEM rs1=x1 rs2=x0
STALL | pc=0x00000054 instr=0x00108093 type=addi reason=RAW-WB rs1=x1 rs2=x0
STALL | pc=0x00000058 instr=0x00108093 type=addi reason=RAW-EX rs1=x1 rs2=x0
STALL | pc=0x00000058 instr=0x00108093 type=addi reason=RAW-MEM rs1=x1 rs2=x0
STALL | pc=0x00000058 instr=0x00108093 type=addi reason=RAW-WB rs1=x1 rs2=x0
STALL | pc=0x0000005C instr=0x00108093 type=addi reason=RAW-EX rs1=x1 rs2=x0
STALL | pc=0x0000005C instr=0x00108093 type=addi reason=RAW-MEM rs1=x1 rs2=x0
STALL | pc=0x0000005C instr=0x00108093 type=addi reason=RAW-WB rs1=x1 rs2=x0
STALL | pc=0x00000060 instr=0x00108093 type=addi reason=RAW-EX rs1=x1 rs2=x0
STALL | pc=0x00000060 instr=0x00108093 type=addi reason=RAW-MEM rs1=x1 rs2=x0
STALL | pc=0x00000060 instr=0x00108093 type=addi reason=RAW-WB rs1=x1 rs2=x0
STALL | pc=0x00000064 instr=0x00108093 type=addi reason=RAW-EX rs1=x1 rs2=x0
STALL | pc=0x00000064 instr=0x00108093 type=addi reason=RAW-MEM rs1=x1 rs2=x0
STALL | pc=0x00000064 instr=0x00108093 type=addi reason=RAW-WB rs1=x1 rs2=x0
STALL | pc=0x00000068 instr=0x00108093 type=addi reason=RAW-EX rs1=x1 rs2=x0
STALL | pc=0x00000068 instr=0x00108093 type=addi reason=RAW-MEM rs1=x1 rs2=x0
STALL | pc=0x00000068 instr=0x00108093 type=addi reason=RAW-WB rs1=x1 rs2=x0
STALL | pc=0x0000006C instr=0x00108093 type=addi reason=RAW-EX rs1=x1 rs2=x0
STALL | pc=0x0000006C instr=0x00108093 type=addi reason=RAW-MEM rs1=x1 rs2=x0
STALL | pc=0x0000006C instr=0x00108093 type=addi reason=RAW-WB rs1=x1 rs2=x0
STALL | pc=0x00000070 instr=0x00108093 type=addi reason=RAW-EX rs1=x1 rs2=x0
STALL | pc=0x00000070 instr=0x00108093 type=addi reason=RAW-MEM rs1=x1 rs2=x0
STALL | pc=0x00000070 instr=0x00108093 type=addi reason=RAW-WB rs1=x1 rs2=x0
STALL | pc=0x00000074 instr=0x00108093 type=addi reason=RAW-EX rs1=x1 rs2=x0
STALL | pc=0x00000074 instr=0x00108093 type=addi reason=RAW-MEM rs1=x1 rs2=x0
STALL | pc=0x00000074 instr=0x00108093 type=addi reason=RAW-WB rs1=x1 rs2=x0
STALL | pc=0x00000078 instr=0x00108093 type=addi reason=RAW-EX rs1=x1 rs2=x0
STALL | pc=0x00000078 instr=0x00108093 type=addi reason=RAW-MEM rs1=x1 rs2=x0
STALL | pc=0x00000078 instr=0x00108093 type=addi reason=RAW-WB rs1=x1 rs2=x0
STALL | pc=0x0000007C instr=0x00108093 type=addi reason=RAW-EX rs1=x1 rs2=x0
STALL | pc=0x0000007C instr=0x00108093 type=addi reason=RAW-MEM rs1=x1 rs2=x0
STALL | pc=0x0000007C instr=0x00108093 type=addi reason=RAW-WB rs1=x1 rs2=x0
STALL | pc=0x00000080 instr=0x00108093 type=addi reason=RAW-EX rs1=x1 rs2=x0
STALL | pc=0x00000080 instr=0x00108093 type=addi reason=RAW-MEM rs1=x1 rs2=x0
STALL | pc=0x00000080 instr=0x00108093 type=addi reason=RAW-WB rs1=x1 rs2=x0
STALL | pc=0x00000084 instr=0x00108093 type=addi reason=RAW-EX rs1=x1 rs2=x0
STALL | pc=0x00000084 instr=0x00108093 type=addi reason=RAW-MEM rs1=x1 rs2=x0
STALL | pc=0x00000084 instr=0x00108093 type=addi reason=RAW-WB rs1=x1 rs2=x0
STALL | pc=0x00000088 instr=0x00108093 type=addi reason=RAW-EX rs1=x1 rs2=x0
STALL | pc=0x00000088 instr=0x00108093 type=addi reason=RAW-MEM rs1=x1 rs2=x0
STALL | pc=0x00000088 instr=0x00108093 type=addi reason=RAW-WB rs1=x1 rs2=x0
STALL | pc=0x0000008C instr=0x00108093 type=addi reason=RAW-EX rs1=x1 rs2=x0
STALL | pc=0x0000008C instr=0x00108093 type=addi reason=RAW-MEM rs1=x1 rs2=x0
STALL | pc=0x0000008C instr=0x00108093 type=addi reason=RAW-WB rs1=x1 rs2=x0
STALL | pc=0x00000090 instr=0x00108093 type=addi reason=RAW-EX rs1=x1 rs2=x0
STALL | pc=0x00000090 instr=0x00108093 type=addi reason=RAW-MEM rs1=x1 rs2=x0
STALL | pc=0x00000090 instr=0x00108093 type=addi reason=RAW-WB rs1=x1 rs2=x0
STALL | pc=0x00000094 instr=0x00108093 type=addi reason=RAW-EX rs1=x1 rs2=x0
STALL | pc=0x00000094 instr=0x00108093 type=addi reason=RAW-MEM rs1=x1 rs2=x0
STALL | pc=0x00000094 instr=0x00108093 type=addi reason=RAW-WB rs1=x1 rs2=x0
STALL | pc=0x00000098 instr=0x00108093 type=addi reason=RAW-EX rs1=x1 rs2=x0
STALL | pc=0x00000098 instr=0x00108093 type=addi reason=RAW-MEM rs1=x1 rs2=x0
STALL | pc=0x00000098 instr=0x00108093 type=addi reason=RAW-WB rs1=x1 rs2=x0
STALL | pc=0x0000009C instr=0x00108093 type=addi reason=RAW-EX rs1=x1 rs2=x0
STALL | pc=0x0000009C instr=0x00108093 type=addi reason=RAW-MEM rs1=x1 rs2=x0
STALL | pc=0x0000009C instr=0x00108093 type=addi reason=RAW-WB rs1=x1 rs2=x0
STALL | pc=0x000000A0 instr=0x00108093 type=addi reason=RAW-EX rs1=x1 rs2=x0
STALL | pc=0x000000A0 instr=0x00108093 type=addi reason=RAW-MEM rs1=x1 rs2=x0
STALL | pc=0x000000A0 instr=0x00108093 type=addi reason=RAW-WB rs1=x1 rs2=x0
STALL | pc=0x000000A4 instr=0x00108093 type=addi reason=RAW-EX rs1=x1 rs2=x0
STALL | pc=0x000000A4 instr=0x00108093 type=addi reason=RAW-MEM rs1=x1 rs2=x0
STALL | pc=0x000000A4 instr=0x00108093 type=addi reason=RAW-WB rs1=x1 rs2=x0
STALL | pc=0x000000A8 instr=0x00108093 type=addi reason=RAW-EX rs1=x1 rs2=x0
STALL | pc=0x000000A8 instr=0x00108093 type=addi reason=RAW-MEM rs1=x1 rs2=x0
STALL | pc=0x000000A8 instr=0x00108093 type=addi reason=RAW-WB rs1=x1 rs2=x0
STALL | pc=0x000000AC instr=0x00108093 type=addi reason=RAW-EX rs1=x1 rs2=x0
STALL | pc=0x000000AC instr=0x00108093 type=addi reason=RAW-MEM rs1=x1 rs2=x0
STALL | pc=0x000000AC instr=0x00108093 type=addi reason=RAW-WB rs1=x1 rs2=x0
STALL | pc=0x000000B0 instr=0x00108093 type=addi reason=RAW-EX rs1=x1 rs2=x0
STALL | pc=0x000000B0 instr=0x00108093 type=addi reason=RAW-MEM rs1=x1 rs2=x0
STALL | pc=0x000000B0 instr=0x00108093 type=addi reason=RAW-WB rs1=x1 rs2=x0
STALL | pc=0x000000B4 instr=0x00108093 type=addi reason=RAW-EX rs1=x1 rs2=x0
STALL | pc=0x000000B4 instr=0x00108093 type=addi reason=RAW-MEM rs1=x1 rs2=x0
STALL | pc=0x000000B4 instr=0x00108093 type=addi reason=RAW-WB rs1=x1 rs2=x0
STALL | pc=0x000000B8 instr=0x00108093 type=addi reason=RAW-EX rs1=x1 rs2=x0
STALL | pc=0x000000B8 instr=0x00108093 type=addi reason=RAW-MEM rs1=x1 rs2=x0
STALL | pc=0x000000B8 instr=0x00108093 type=addi reason=RAW-WB rs1=x1 rs2=x0
STALL | pc=0x000000BC instr=0x00108093 type=addi reason=RAW-EX rs1=x1 rs2=x0
STALL | pc=0x000000BC instr=0x00108093 type=addi reason=RAW-MEM rs1=x1 rs2=x0
STALL | pc=0x000000BC instr=0x00108093 type=addi reason=RAW-WB rs1=x1 rs2=x0
STALL | pc=0x000000C0 instr=0x00108093 type=addi reason=RAW-EX rs1=x1 rs2=x0
STALL | pc=0x000000C0 instr=0x00108093 type=addi reason=RAW-MEM rs1=x1 rs2=x0
STALL | pc=0x000000C0 instr=0x00108093 type=addi reason=RAW-WB rs1=x1 rs2=x0
STALL | pc=0x000000C4 instr=0x00108093 type=addi reason=RAW-EX rs1=x1 rs2=x0
STALL | pc=0x000000C4 instr=0x00108093 type=addi reason=RAW-MEM rs1=x1 rs2=x0
STALL | pc=0x000000C4 instr=0x00108093 type=addi reason=RAW-WB rs1=x1 rs2=x0
STALL | pc=0x000000C8 instr=0x00108093 type=addi reason=RAW-EX rs1=x1 rs2=x0
STALL | pc=0x000000C8 instr=0x00108093 type=addi reason=RAW-MEM rs1=x1 rs2=x0
STALL | pc=0x000000C8 instr=0x00108093 type=addi reason=RAW-WB rs1=x1 rs2=x0
STALL | pc=0x000000CC instr=0x00108093 type=addi reason=RAW-EX rs1=x1 rs2=x0
STALL | pc=0x000000CC instr=0x00108093 type=addi reason=RAW-MEM rs1=x1 rs2=x0
STALL | pc=0x000000CC instr=0x00108093 type=addi reason=RAW-WB rs1=x1 rs2=x0
STALL | pc=0x000000D0 instr=0x00108093 type=addi reason=RAW-EX rs1=x1 rs2=x0
STALL | pc=0x000000D0 instr=0x00108093 type=addi reason=RAW-MEM rs1=x1 rs2=x0
STALL | pc=0x000000D0 instr=0x00108093 type=addi reason=RAW-WB rs1=x1 rs2=x0
STALL | pc=0x000000D4 instr=0x00108093 type=addi reason=RAW-EX rs1=x1 rs2=x0
STALL | pc=0x000000D4 instr=0x00108093 type=addi reason=RAW-MEM rs1=x1 rs2=x0
STALL | pc=0x000000D4 instr=0x00108093 type=addi reason=RAW-WB rs1=x1 rs2=x0
STALL | pc=0x000000D8 instr=0x00108093 type=addi reason=RAW-EX rs1=x1 rs2=x0
STALL | pc=0x000000D8 instr=0x00108093 type=addi reason=RAW-MEM rs1=x1 rs2=x0
STALL | pc=0x000000D8 instr=0x00108093 type=addi reason=RAW-WB rs1=x1 rs2=x0
STALL | pc=0x000000DC instr=0x00108093 type=addi reason=RAW-EX rs1=x1 rs2=x0
STALL | pc=0x000000DC instr=0x00108093 type=addi reason=RAW-MEM rs1=x1 rs2=x0
STALL | pc=0x000000DC instr=0x00108093 type=addi reason=RAW-WB rs1=x1 rs2=x0
STALL | pc=0x000000E0 instr=0x00108093 type=addi reason=RAW-EX rs1=x1 rs2=x0
STALL | pc=0x000000E0 instr=0x00108093 type=addi reason=RAW-MEM rs1=x1 rs2=x0
STALL | pc=0x000000E0 instr=0x00108093 type=addi reason=RAW-WB rs1=x1 rs2=x0
STALL | pc=0x000000E4 instr=0x00108093 type=addi reason=RAW-EX rs1=x1 rs2=x0
STALL | pc=0x000000E4 instr=0x00108093 type=addi reason=RAW-MEM rs1=x1 rs2=x0
STALL | pc=0x000000E4 instr=0x00108093 type=addi reason=RAW-WB rs1=x1 rs2=x0
STALL | pc=0x000000E8 instr=0x00108093 type=addi reason=RAW-EX rs1=x1 rs2=x0
STALL | pc=0x000000E8 instr=0x00108093 type=addi reason=RAW-MEM rs1=x1 rs2=x0
STALL | pc=0x000000E8 instr=0x00108093 type=addi reason=RAW-WB rs1=x1 rs2=x0
STALL | pc=0x000000EC instr=0x00108093 type=addi reason=RAW-EX rs1=x1 rs2=x0
STALL | pc=0x000000EC instr=0x00108093 type=addi reason=RAW-MEM rs1=x1 rs2=x0
STALL | pc=0x000000EC instr=0x00108093 type=addi reason=RAW-WB rs1=x1 rs2=x0
STALL | pc=0x000000F0 instr=0x00108093 type=addi reason=RAW-EX rs1=x1 rs2=x0
STALL | pc=0x000000F0 instr=0x00108093 type=addi reason=RAW-MEM rs1=x1 rs2=x0
STALL | pc=0x000000F0 instr=0x00108093 type=addi reason=RAW-WB rs1=x1 rs2=x0
STALL | pc=0x000000F4 instr=0x00108093 type=addi reason=RAW-EX rs1=x1 rs2=x0
STALL | pc=0x000000F4 instr=0x00108093 type=addi reason=RAW-MEM rs1=x1 rs2=x0
STALL | pc=0x000000F4 instr=0x00108093 type=addi reason=RAW-WB rs1=x1 rs2=x0
STALL | pc=0x000000F8 instr=0x00108093 type=addi reason=RAW-EX rs1=x1 rs2=x0
STALL | pc=0x000000F8 instr=0x00108093 type=addi reason=RAW-MEM rs1=x1 rs2=x0
STALL | pc=0x000000F8 instr=0x00108093 type=addi reason=RAW-WB rs1=x1 rs2=x0
STALL | pc=0x000000FC instr=0x00108093 type=addi reason=RAW-EX rs1=x1 rs2=x0
STALL | pc=0x000000FC instr=0x00108093 type=addi reason=RAW-MEM rs1=x1 rs2=x0
STALL | pc=0x000000FC instr=0x00108093 type=addi reason=RAW-WB rs1=x1 rs2=x0
STALL | pc=0x00000100 instr=0x00108093 type=addi reason=RAW-EX rs1=x1 rs2=x0
STALL | pc=0x00000100 instr=0x00108093 type=addi reason=RAW-MEM rs1=x1 rs2=x0
STALL | pc=0x00000100 instr=0x00108093 type=addi reason=RAW-WB rs1=x1 rs2=x0
STALL | pc=0x00000104 instr=0x00108093 type=addi reason=RAW-EX rs1=x1 rs2=x0
STALL | pc=0x00000104 instr=0x00108093 type=addi reason=RAW-MEM rs1=x1 rs2=x0
STALL | pc=0x00000104 instr=0x00108093 type=addi reason=RAW-WB rs1=x1 rs2=x0
STALL | pc=0x00000108 instr=0x00108093 type=addi reason=RAW-EX rs1=x1 rs2=x0
STALL | pc=0x00000108 instr=0x00108093 type=addi reason=RAW-MEM rs1=x1 rs2=x0
STALL | pc=0x00000108 instr=0x00108093 type=addi reason=RAW-WB rs1=x1 rs2=x0
STALL | pc=0x0000010C instr=0x00108093 type=addi reason=RAW-EX rs1=x1 rs2=x0
STALL | pc=0x0000010C instr=0x00108093 type=addi reason=RAW-MEM rs1=x1 rs2=x0
STALL | pc=0x0000010C instr=0x00108093 type=addi reason=RAW-WB rs1=x1 rs2=x0
STALL | pc=0x00000110 instr=0x00108093 type=addi reason=RAW-EX rs1=x1 rs2=x0
STALL | pc=0x00000110 instr=0x00108093 type=addi reason=RAW-MEM rs1=x1 rs2=x0
STALL | pc=0x00000110 instr=0x00108093 type=addi reason=RAW-WB rs1=x1 rs2=x0
STALL | pc=0x00000114 instr=0x00108093 type=addi reason=RAW-EX rs1=x1 rs2=x0
STALL | pc=0x00000114 instr=0x00108093 type=addi reason=RAW-MEM rs1=x1 rs2=x0
STALL | pc=0x00000114 instr=0x00108093 type=addi reason=RAW-WB rs1=x1 rs2=x0
STALL | pc=0x00000118 instr=0x00108093 type=addi reason=RAW-EX rs1=x1 rs2=x0
STALL | pc=0x00000118 instr=0x00108093 type=addi reason=RAW-MEM rs1=x1 rs2=x0
STALL | pc=0x00000118 instr=0x00108093 type=addi reason=RAW-WB rs1=x1 rs2=x0
STALL | pc=0x0000011C instr=0x00108093 type=addi reason=RAW-EX rs1=x1 rs2=x0
STALL | pc=0x0000011C instr=0x00108093 type=addi reason=RAW-MEM rs1=x1 rs2=x0
STALL | pc=0x0000011C instr=0x00108093 type=addi reason=RAW-WB rs1=x1 rs2=x0
STALL | pc=0x00000120 instr=0x00108093 type=addi reason=RAW-EX rs1=x1 rs2=x0
STALL | pc=0x00000120 instr=0x00108093 type=addi reason=RAW-MEM rs1=x1 rs2=x0
STALL | pc=0x00000120 instr=0x00108093 type=addi reason=RAW-WB rs1=x1 rs2=x0
STALL | pc=0x00000124 instr=0x00108093 type=addi reason=RAW-EX rs1=x1 rs2=x0
STALL | pc=0x00000124 instr=0x00108093 type=addi reason=RAW-MEM rs1=x1 rs2=x0
STALL | pc=0x00000124 instr=0x00108093 type=addi reason=RAW-WB rs1=x1 rs2=x0
STALL | pc=0x00000128 instr=0x00108093 type=addi reason=RAW-EX rs1=x1 rs2=x0
STALL | pc=0x00000128 instr=0x00108093 type=addi reason=RAW-MEM rs1=x1 rs2=x0
STALL | pc=0x00000128 instr=0x00108093 type=addi reason=RAW-WB rs1=x1 rs2=x0
STALL | pc=0x0000012C instr=0x00108093 type=addi reason=RAW-EX rs1=x1 rs2=x0
STALL | pc=0x0000012C instr=0x00108093 type=addi reason=RAW-MEM rs1=x1 rs2=x0
STALL | pc=0x0000012C instr=0x00108093 type=addi reason=RAW-WB rs1=x1 rs2=x0
STALL | pc=0x00000130 instr=0x00108093 type=addi reason=RAW-EX rs1=x1 rs2=x0
STALL | pc=0x00000130 instr=0x00108093 type=addi reason=RAW-MEM rs1=x1 rs2=x0
STALL | pc=0x00000130 instr=0x00108093 type=addi reason=RAW-WB rs1=x1 rs2=x0
STALL | pc=0x00000134 instr=0x00108093 type=addi reason=RAW-EX rs1=x1 rs2=x0
STALL | pc=0x00000134 instr=0x00108093 type=addi reason=RAW-MEM rs1=x1 rs2=x0
STALL | pc=0x00000134 instr=0x00108093 type=addi reason=RAW-WB rs1=x1 rs2=x0
STALL | pc=0x00000138 instr=0x00108093 type=addi reason=RAW-EX rs1=x1 rs2=x0
STALL | pc=0x00000138 instr=0x00108093 type=addi reason=RAW-MEM rs1=x1 rs2=x0
STALL | pc=0x00000138 instr=0x00108093 type=addi reason=RAW-WB rs1=x1 rs2=x0
STALL | pc=0x0000013C instr=0x00108093 type=addi reason=RAW-EX rs1=x1 rs2=x0
STALL | pc=0x0000013C instr=0x00108093 type=addi reason=RAW-MEM rs1=x1 rs2=x0
STALL | pc=0x0000013C instr=0x00108093 type=addi reason=RAW-WB rs1=x1 rs2=x0
STALL | pc=0x00000140 instr=0x00108093 type=addi reason=RAW-EX rs1=x1 rs2=x0
STALL | pc=0x00000140 instr=0x00108093 type=addi reason=RAW-MEM rs1=x1 rs2=x0
STALL | pc=0x00000140 instr=0x00108093 type=addi reason=RAW-WB rs1=x1 rs2=x0
STALL | pc=0x00000144 instr=0x00108093 type=addi reason=RAW-EX rs1=x1 rs2=x0
STALL | pc=0x00000144 instr=0x00108093 type=addi reason=RAW-MEM rs1=x1 rs2=x0
STALL | pc=0x00000144 instr=0x00108093 type=addi reason=RAW-WB rs1=x1 rs2=x0
STALL | pc=0x00000148 instr=0x00108093 type=addi reason=RAW-EX rs1=x1 rs2=x0
STALL | pc=0x00000148 instr=0x00108093 type=addi reason=RAW-MEM rs1=x1 rs2=x0
STALL | pc=0x00000148 instr=0x00108093 type=addi reason=RAW-WB rs1=x1 rs2=x0
STALL | pc=0x0000014C instr=0x00108093 type=addi reason=RAW-EX rs1=x1 rs2=x0
STALL | pc=0x0000014C instr=0x00108093 type=addi reason=RAW-MEM rs1=x1 rs2=x0
STALL | pc=0x0000014C instr=0x00108093 type=addi reason=RAW-WB rs1=x1 rs2=x0
STALL | pc=0x00000150 instr=0x00108093 type=addi reason=RAW-EX rs1=x1 rs2=x0
STALL | pc=0x00000150 instr=0x00108093 type=addi reason=RAW-MEM rs1=x1 rs2=x0
STALL | pc=0x00000150 instr=0x00108093 type=addi reason=RAW-WB rs1=x1 rs2=x0
STALL | pc=0x00000154 instr=0x00108093 type=addi reason=RAW-EX rs1=x1 rs2=x0
STALL | pc=0x00000154 instr=0x00108093 type=addi reason=RAW-MEM rs1=x1 rs2=x0
STALL | pc=0x00000154 instr=0x00108093 type=addi reason=RAW-WB rs1=x1 rs2=x0
STALL | pc=0x00000158 instr=0x00108093 type=addi reason=RAW-EX rs1=x1 rs2=x0
STALL | pc=0x00000158 instr=0x00108093 type=addi reason=RAW-MEM rs1=x1 rs2=x0
STALL | pc=0x00000158 instr=0x00108093 type=addi reason=RAW-WB rs1=x1 rs2=x0
STALL | pc=0x0000015C instr=0x00108093 type=addi reason=RAW-EX rs1=x1 rs2=x0
STALL | pc=0x0000015C instr=0x00108093 type=addi reason=RAW-MEM rs1=x1 rs2=x0
STALL | pc=0x0000015C instr=0x00108093 type=addi reason=RAW-WB rs1=x1 rs2=x0
STALL | pc=0x00000160 instr=0x00108093 type=addi reason=RAW-EX rs1=x1 rs2=x0
STALL | pc=0x00000160 instr=0x00108093 type=addi reason=RAW-MEM rs1=x1 rs2=x0
STALL | pc=0x00000160 instr=0x00108093 type=addi reason=RAW-WB rs1=x1 rs2=x0
STALL | pc=0x00000164 instr=0x00108093 type=addi reason=RAW-EX rs1=x1 rs2=x0
STALL | pc=0x00000164 instr=0x00108093 type=addi reason=RAW-MEM rs1=x1 rs2=x0
STALL | pc=0x00000164 instr=0x00108093 type=addi reason=RAW-WB rs1=x1 rs2=x0
STALL | pc=0x00000168 instr=0x00108093 type=addi reason=RAW-EX rs1=x1 rs2=x0
STALL | pc=0x00000168 instr=0x00108093 type=addi reason=RAW-MEM rs1=x1 rs2=x0
STALL | pc=0x00000168 instr=0x00108093 type=addi reason=RAW-WB rs1=x1 rs2=x0
STALL | pc=0x0000016C instr=0x00108093 type=addi reason=RAW-EX rs1=x1 rs2=x0
STALL | pc=0x0000016C instr=0x00108093 type=addi reason=RAW-MEM rs1=x1 rs2=x0
STALL | pc=0x0000016C instr=0x00108093 type=addi reason=RAW-WB rs1=x1 rs2=x0
STALL | pc=0x00000170 instr=0x00108093 type=addi reason=RAW-EX rs1=x1 rs2=x0
STALL | pc=0x00000170 instr=0x00108093 type=addi reason=RAW-MEM rs1=x1 rs2=x0
STALL | pc=0x00000170 instr=0x00108093 type=addi reason=RAW-WB rs1=x1 rs2=x0
STALL | pc=0x00000174 instr=0x00108093 type=addi reason=RAW-EX rs1=x1 rs2=x0
STALL | pc=0x00000174 instr=0x00108093 type=addi reason=RAW-MEM rs1=x1 rs2=x0
STALL | pc=0x00000174 instr=0x00108093 type=addi reason=RAW-WB rs1=x1 rs2=x0
STALL | pc=0x00000178 instr=0x00108093 type=addi reason=RAW-EX rs1=x1 rs2=x0
STALL | pc=0x00000178 instr=0x00108093 type=addi reason=RAW-MEM rs1=x1 rs2=x0
STALL | pc=0x00000178 instr=0x00108093 type=addi reason=RAW-WB rs1=x1 rs2=x0
STALL | pc=0x0000017C instr=0x00108093 type=addi reason=RAW-EX rs1=x1 rs2=x0
STALL | pc=0x0000017C instr=0x00108093 type=addi reason=RAW-MEM rs1=x1 rs2=x0
STALL | pc=0x0000017C instr=0x00108093 type=addi reason=RAW-WB rs1=x1 rs2=x0
STALL | pc=0x00000180 instr=0x00108093 type=addi reason=RAW-EX rs1=x1 rs2=x0
STALL | pc=0x00000180 instr=0x00108093 type=addi reason=RAW-MEM rs1=x1 rs2=x0
STALL | pc=0x00000180 instr=0x00108093 type=addi reason=RAW-WB rs1=x1 rs2=x0
STALL | pc=0x00000184 instr=0x00108093 type=addi reason=RAW-EX rs1=x1 rs2=x0
STALL | pc=0x00000184 instr=0x00108093 type=addi reason=RAW-MEM rs1=x1 rs2=x0
STALL | pc=0x00000184 instr=0x00108093 type=addi reason=RAW-WB rs1=x1 rs2=x0
STALL | pc=0x00000188 instr=0x00108093 type=addi reason=RAW-EX rs1=x1 rs2=x0
STALL | pc=0x00000188 instr=0x00108093 type=addi reason=RAW-MEM rs1=x1 rs2=x0
STALL | pc=0x00000188 instr=0x00108093 type=addi reason=RAW-WB rs1=x1 rs2=x0
STALL | pc=0x0000018C instr=0x00108093 type=addi reason=RAW-EX rs1=x1 rs2=x0
STALL | pc=0x0000018C instr=0x00108093 type=addi reason=RAW-MEM rs1=x1 rs2=x0
STALL | pc=0x0000018C instr=0x00108093 type=addi reason=RAW-WB rs1=x1 rs2=x0
STALL | pc=0x00000190 instr=0x00108093 type=addi reason=RAW-EX rs1=x1 rs2=x0
STALL | pc=0x00000190 instr=0x00108093 type=addi reason=RAW-MEM rs1=x1 rs2=x0
STALL | pc=0x00000190 instr=0x00108093 type=addi reason=RAW-WB rs1=x1 rs2=x0
STALL | pc=0x00000194 instr=0x00108093 type=addi reason=RAW-EX rs1=x1 rs2=x0
STALL | pc=0x00000194 instr=0x00108093 type=addi reason=RAW-MEM rs1=x1 rs2=x0
STALL | pc=0x00000194 instr=0x00108093 type=addi reason=RAW-WB rs1=x1 rs2=x0
STALL | pc=0x00000198 instr=0x00108093 type=addi reason=RAW-EX rs1=x1 rs2=x0
STALL | pc=0x00000198 instr=0x00108093 type=addi reason=RAW-MEM rs1=x1 rs2=x0
STALL | pc=0x00000198 instr=0x00108093 type=addi reason=RAW-WB rs1=x1 rs2=x0
STALL | pc=0x0000019C instr=0x00108093 type=addi reason=RAW-EX rs1=x1 rs2=x0
STALL | pc=0x0000019C instr=0x00108093 type=addi reason=RAW-MEM rs1=x1 rs2=x0
STALL | pc=0x0000019C instr=0x00108093 type=addi reason=RAW-WB rs1=x1 rs2=x0
STALL | pc=0x000001A0 instr=0x00108093 type=addi reason=RAW-EX rs1=x1 rs2=x0
STALL | pc=0x000001A0 instr=0x00108093 type=addi reason=RAW-MEM rs1=x1 rs2=x0
STALL | pc=0x000001A0 instr=0x00108093 type=addi reason=RAW-WB rs1=x1 rs2=x0
STALL | pc=0x000001A4 instr=0x00108093 type=addi reason=RAW-EX rs1=x1 rs2=x0
STALL | pc=0x000001A4 instr=0x00108093 type=addi reason=RAW-MEM rs1=x1 rs2=x0
STALL | pc=0x000001A4 instr=0x00108093 type=addi reason=RAW-WB rs1=x1 rs2=x0
STALL | pc=0x000001A8 instr=0x00108093 type=addi reason=RAW-EX rs1=x1 rs2=x0
STALL | pc=0x000001A8 instr=0x00108093 type=addi reason=RAW-MEM rs1=x1 rs2=x0
STALL | pc=0x000001A8 instr=0x00108093 type=addi reason=RAW-WB rs1=x1 rs2=x0
STALL | pc=0x000001AC instr=0x00108093 type=addi reason=RAW-EX rs1=x1 rs2=x0
STALL | pc=0x000001AC instr=0x00108093 type=addi reason=RAW-MEM rs1=x1 rs2=x0
STALL | pc=0x000001AC instr=0x00108093 type=addi reason=RAW-WB rs1=x1 rs2=x0
STALL | pc=0x000001B0 instr=0x00108093 type=addi reason=RAW-EX rs1=x1 rs2=x0
STALL | pc=0x000001B0 instr=0x00108093 type=addi reason=RAW-MEM rs1=x1 rs2=x0
STALL | pc=0x000001B0 instr=0x00108093 type=addi reason=RAW-WB rs1=x1 rs2=x0
STALL | pc=0x000001B4 instr=0x00108093 type=addi reason=RAW-EX rs1=x1 rs2=x0
STALL | pc=0x000001B4 instr=0x00108093 type=addi reason=RAW-MEM rs1=x1 rs2=x0
STALL | pc=0x000001B4 instr=0x00108093 type=addi reason=RAW-WB rs1=x1 rs2=x0
STALL | pc=0x000001B8 instr=0x00108093 type=addi reason=RAW-EX rs1=x1 rs2=x0
STALL | pc=0x000001B8 instr=0x00108093 type=addi reason=RAW-MEM rs1=x1 rs2=x0
STALL | pc=0x000001B8 instr=0x00108093 type=addi reason=RAW-WB rs1=x1 rs2=x0
STALL | pc=0x000001BC instr=0x00108093 type=addi reason=RAW-EX rs1=x1 rs2=x0
STALL | pc=0x000001BC instr=0x00108093 type=addi reason=RAW-MEM rs1=x1 rs2=x0
STALL | pc=0x000001BC instr=0x00108093 type=addi reason=RAW-WB rs1=x1 rs2=x0
STALL | pc=0x000001C0 instr=0x00108093 type=addi reason=RAW-EX rs1=x1 rs2=x0
STALL | pc=0x000001C0 instr=0x00108093 type=addi reason=RAW-MEM rs1=x1 rs2=x0
STALL | pc=0x000001C0 instr=0x00108093 type=addi reason=RAW-WB rs1=x1 rs2=x0
STALL | pc=0x000001C4 instr=0x00108093 type=addi reason=RAW-EX rs1=x1 rs2=x0
STALL | pc=0x000001C4 instr=0x00108093 type=addi reason=RAW-MEM rs1=x1 rs2=x0
STALL | pc=0x000001C4 instr=0x00108093 type=addi reason=RAW-WB rs1=x1 rs2=x0
STALL | pc=0x000001C8 instr=0x00108093 type=addi reason=RAW-EX rs1=x1 rs2=x0
STALL | pc=0x000001C8 instr=0x00108093 type=addi reason=RAW-MEM rs1=x1 rs2=x0
STALL | pc=0x000001C8 instr=0x00108093 type=addi reason=RAW-WB rs1=x1 rs2=x0
STALL | pc=0x000001CC instr=0x00108093 type=addi reason=RAW-EX rs1=x1 rs2=x0
STALL | pc=0x000001CC instr=0x00108093 type=addi reason=RAW-MEM rs1=x1 rs2=x0
STALL | pc=0x000001CC instr=0x00108093 type=addi reason=RAW-WB rs1=x1 rs2=x0
STALL | pc=0x000001D0 instr=0x00108093 type=addi reason=RAW-EX rs1=x1 rs2=x0
STALL | pc=0x000001D0 instr=0x00108093 type=addi reason=RAW-MEM rs1=x1 rs2=x0
STALL | pc=0x000001D0 instr=0x00108093 type=addi reason=RAW-WB rs1=x1 rs2=x0
STALL | pc=0x000001D4 instr=0x00108093 type=addi reason=RAW-EX rs1=x1 rs2=x0
STALL | pc=0x000001D4 instr=0x00108093 type=addi reason=RAW-MEM rs1=x1 rs2=x0
STALL | pc=0x000001D4 instr=0x00108093 type=addi reason=RAW-WB rs1=x1 rs2=x0
STALL | pc=0x000001D8 instr=0x00108093 type=addi reason=RAW-EX rs1=x1 rs2=x0
STALL | pc=0x000001D8 instr=0x00108093 type=addi reason=RAW-MEM rs1=x1 rs2=x0
STALL | pc=0x000001D8 instr=0x00108093 type=addi reason=RAW-WB rs1=x1 rs2=x0
STALL | pc=0x000001DC instr=0x00108093 type=addi reason=RAW-EX rs1=x1 rs2=x0
STALL | pc=0x000001DC instr=0x00108093 type=addi reason=RAW-MEM rs1=x1 rs2=x0
STALL | pc=0x000001DC instr=0x00108093 type=addi reason=RAW-WB rs1=x1 rs2=x0
STALL | pc=0x000001E0 instr=0x00108093 type=addi reason=RAW-EX rs1=x1 rs2=x0
STALL | pc=0x000001E0 instr=0x00108093 type=addi reason=RAW-MEM rs1=x1 rs2=x0
STALL | pc=0x000001E0 instr=0x00108093 type=addi reason=RAW-WB rs1=x1 rs2=x0
STALL | pc=0x000001E4 instr=0x00108093 type=addi reason=RAW-EX rs1=x1 rs2=x0
STALL | pc=0x000001E4 instr=0x00108093 type=addi reason=RAW-MEM rs1=x1 rs2=x0
STALL | pc=0x000001E4 instr=0x00108093 type=addi reason=RAW-WB rs1=x1 rs2=x0
STALL | pc=0x000001E8 instr=0x00108093 type=addi reason=RAW-EX rs1=x1 rs2=x0
STALL | pc=0x000001E8 instr=0x00108093 type=addi reason=RAW-MEM rs1=x1 rs2=x0
STALL | pc=0x000001E8 instr=0x00108093 type=addi reason=RAW-WB rs1=x1 rs2=x0
STALL | pc=0x000001EC instr=0x00108093 type=addi reason=RAW-EX rs1=x1 rs2=x0
STALL | pc=0x000001EC instr=0x00108093 type=addi reason=RAW-MEM rs1=x1 rs2=x0
STALL | pc=0x000001EC instr=0x00108093 type=addi reason=RAW-WB rs1=x1 rs2=x0
STALL | pc=0x000001F0 instr=0x00108093 type=addi reason=RAW-EX rs1=x1 rs2=x0
STALL | pc=0x000001F0 instr=0x00108093 type=addi reason=RAW-MEM rs1=x1 rs2=x0
STALL | pc=0x000001F0 instr=0x00108093 type=addi reason=RAW-WB rs1=x1 rs2=x0
STALL | pc=0x000001F4 instr=0x00108093 type=addi reason=RAW-EX rs1=x1 rs2=x0
STALL | pc=0x000001F4 instr=0x00108093 type=addi reason=RAW-MEM rs1=x1 rs2=x0
STALL | pc=0x000001F4 instr=0x00108093 type=addi reason=RAW-WB rs1=x1 rs2=x0
STALL | pc=0x000001F8 instr=0x00108093 type=addi reason=RAW-EX rs1=x1 rs2=x0
STALL | pc=0x000001F8 instr=0x00108093 type=addi reason=RAW-MEM rs1=x1 rs2=x0
STALL | pc=0x000001F8 instr=0x00108093 type=addi reason=RAW-WB rs1=x1 rs2=x0
STALL | pc=0x000001FC instr=0x00108093 type=addi reason=RAW-EX rs1=x1 rs2=x0
STALL | pc=0x000001FC instr=0x00108093 type=addi reason=RAW-MEM rs1=x1 rs2=x0
STALL | pc=0x000001FC instr=0x00108093 type=addi reason=RAW-WB rs1=x1 rs2=x0
STALL | pc=0x00000200 instr=0x00108093 type=addi reason=RAW-EX rs1=x1 rs2=x0
STALL | pc=0x00000200 instr=0x00108093 type=addi reason=RAW-MEM rs1=x1 rs2=x0
STALL | pc=0x00000200 instr=0x00108093 type=addi reason=RAW-WB rs1=x1 rs2=x0
STALL | pc=0x00000204 instr=0x00108093 type=addi reason=RAW-EX rs1=x1 rs2=x0
STALL | pc=0x00000204 instr=0x00108093 type=addi reason=RAW-MEM rs1=x1 rs2=x0
STALL | pc=0x00000204 instr=0x00108093 type=addi reason=RAW-WB rs1=x1 rs2=x0
STALL | pc=0x00000208 instr=0x00108093 type=addi reason=RAW-EX rs1=x1 rs2=x0
STALL | pc=0x00000208 instr=0x00108093 type=addi reason=RAW-MEM rs1=x1 rs2=x0
STALL | pc=0x00000208 instr=0x00108093 type=addi reason=RAW-WB rs1=x1 rs2=x0
STALL | pc=0x0000020C instr=0x00108093 type=addi reason=RAW-EX rs1=x1 rs2=x0
STALL | pc=0x0000020C instr=0x00108093 type=addi reason=RAW-MEM rs1=x1 rs2=x0
STALL | pc=0x0000020C instr=0x00108093 type=addi reason=RAW-WB rs1=x1 rs2=x0
STALL | pc=0x00000210 instr=0x00108093 type=addi reason=RAW-EX rs1=x1 rs2=x0
STALL | pc=0x00000210 instr=0x00108093 type=addi reason=RAW-MEM rs1=x1 rs2=x0
STALL | pc=0x00000210 instr=0x00108093 type=addi reason=RAW-WB rs1=x1 rs2=x0
STALL | pc=0x00000214 instr=0x00108093 type=addi reason=RAW-EX rs1=x1 rs2=x0
STALL | pc=0x00000214 instr=0x00108093 type=addi reason=RAW-MEM rs1=x1 rs2=x0
STALL | pc=0x00000214 instr=0x00108093 type=addi reason=RAW-WB rs1=x1 rs2=x0
STALL | pc=0x00000218 instr=0x00108093 type=addi reason=RAW-EX rs1=x1 rs2=x0
STALL | pc=0x00000218 instr=0x00108093 type=addi reason=RAW-MEM rs1=x1 rs2=x0
STALL | pc=0x00000218 instr=0x00108093 type=addi reason=RAW-WB rs1=x1 rs2=x0
STALL | pc=0x0000021C instr=0x00108093 type=addi reason=RAW-EX rs1=x1 rs2=x0
STALL | pc=0x0000021C instr=0x00108093 type=addi reason=RAW-MEM rs1=x1 rs2=x0
STALL | pc=0x0000021C instr=0x00108093 type=addi reason=RAW-WB rs1=x1 rs2=x0
STALL | pc=0x00000220 instr=0x00108093 type=addi reason=RAW-EX rs1=x1 rs2=x0
STALL | pc=0x00000220 instr=0x00108093 type=addi reason=RAW-MEM rs1=x1 rs2=x0
STALL | pc=0x00000220 instr=0x00108093 type=addi reason=RAW-WB rs1=x1 rs2=x0
STALL | pc=0x00000224 instr=0x00108093 type=addi reason=RAW-EX rs1=x1 rs2=x0
STALL | pc=0x00000224 instr=0x00108093 type=addi reason=RAW-MEM rs1=x1 rs2=x0
STALL | pc=0x00000224 instr=0x00108093 type=addi reason=RAW-WB rs1=x1 rs2=x0
STALL | pc=0x00000228 instr=0x00108093 type=addi reason=RAW-EX rs1=x1 rs2=x0
STALL | pc=0x00000228 instr=0x00108093 type=addi reason=RAW-MEM rs1=x1 rs2=x0
STALL | pc=0x00000228 instr=0x00108093 type=addi reason=RAW-WB rs1=x1 rs2=x0
STALL | pc=0x0000022C instr=0x00108093 type=addi reason=RAW-EX rs1=x1 rs2=x0
STALL | pc=0x0000022C instr=0x00108093 type=addi reason=RAW-MEM rs1=x1 rs2=x0
STALL | pc=0x0000022C instr=0x00108093 type=addi reason=RAW-WB rs1=x1 rs2=x0
STALL | pc=0x00000230 instr=0x00108093 type=addi reason=RAW-EX rs1=x1 rs2=x0
STALL | pc=0x00000230 instr=0x00108093 type=addi reason=RAW-MEM rs1=x1 rs2=x0
STALL | pc=0x00000230 instr=0x00108093 type=addi reason=RAW-WB rs1=x1 rs2=x0
STALL | pc=0x00000234 instr=0x00108093 type=addi reason=RAW-EX rs1=x1 rs2=x0
STALL | pc=0x00000234 instr=0x00108093 type=addi reason=RAW-MEM rs1=x1 rs2=x0
STALL | pc=0x00000234 instr=0x00108093 type=addi reason=RAW-WB rs1=x1 rs2=x0
STALL | pc=0x00000238 instr=0x00108093 type=addi reason=RAW-EX rs1=x1 rs2=x0
STALL | pc=0x00000238 instr=0x00108093 type=addi reason=RAW-MEM rs1=x1 rs2=x0
STALL | pc=0x00000238 instr=0x00108093 type=addi reason=RAW-WB rs1=x1 rs2=x0
STALL | pc=0x0000023C instr=0x00108093 type=addi reason=RAW-EX rs1=x1 rs2=x0
STALL | pc=0x0000023C instr=0x00108093 type=addi reason=RAW-MEM rs1=x1 rs2=x0
STALL | pc=0x0000023C instr=0x00108093 type=addi reason=RAW-WB rs1=x1 rs2=x0
STALL | pc=0x00000240 instr=0x00108093 type=addi reason=RAW-EX rs1=x1 rs2=x0
STALL | pc=0x00000240 instr=0x00108093 type=addi reason=RAW-MEM rs1=x1 rs2=x0
STALL | pc=0x00000240 instr=0x00108093 type=addi reason=RAW-WB rs1=x1 rs2=x0
STALL | pc=0x00000244 instr=0x00108093 type=addi reason=RAW-EX rs1=x1 rs2=x0
STALL | pc=0x00000244 instr=0x00108093 type=addi reason=RAW-MEM rs1=x1 rs2=x0
STALL | pc=0x00000244 instr=0x00108093 type=addi reason=RAW-WB rs1=x1 rs2=x0
STALL | pc=0x00000248 instr=0x00108093 type=addi reason=RAW-EX rs1=x1 rs2=x0
STALL | pc=0x00000248 instr=0x00108093 type=addi reason=RAW-MEM rs1=x1 rs2=x0
STALL | pc=0x00000248 instr=0x00108093 type=addi reason=RAW-WB rs1=x1 rs2=x0
STALL | pc=0x0000024C instr=0x00108093 type=addi reason=RAW-EX rs1=x1 rs2=x0
STALL | pc=0x0000024C instr=0x00108093 type=addi reason=RAW-MEM rs1=x1 rs2=x0
STALL | pc=0x0000024C instr=0x00108093 type=addi reason=RAW-WB rs1=x1 rs2=x0
STALL | pc=0x00000250 instr=0x00108093 type=addi reason=RAW-EX rs1=x1 rs2=x0
STALL | pc=0x00000250 instr=0x00108093 type=addi reason=RAW-MEM rs1=x1 rs2=x0
STALL | pc=0x00000250 instr=0x00108093 type=addi reason=RAW-WB rs1=x1 rs2=x0
STALL | pc=0x00000254 instr=0x00108093 type=addi reason=RAW-EX rs1=x1 rs2=x0
STALL | pc=0x00000254 instr=0x00108093 type=addi reason=RAW-MEM rs1=x1 rs2=x0
STALL | pc=0x00000254 instr=0x00108093 type=addi reason=RAW-WB rs1=x1 rs2=x0
STALL | pc=0x00000258 instr=0x00108093 type=addi reason=RAW-EX rs1=x1 rs2=x0
STALL | pc=0x00000258 instr=0x00108093 type=addi reason=RAW-MEM rs1=x1 rs2=x0
STALL | pc=0x00000258 instr=0x00108093 type=addi reason=RAW-WB rs1=x1 rs2=x0
STALL | pc=0x0000025C instr=0x00108093 type=addi reason=RAW-EX rs1=x1 rs2=x0
STALL | pc=0x0000025C instr=0x00108093 type=addi reason=RAW-MEM rs1=x1 rs2=x0
STALL | pc=0x0000025C instr=0x00108093 type=addi reason=RAW-WB rs1=x1 rs2=x0
STALL | pc=0x00000260 instr=0x00108093 type=addi reason=RAW-EX rs1=x1 rs2=x0
STALL | pc=0x00000260 instr=0x00108093 type=addi reason=RAW-MEM rs1=x1 rs2=x0
STALL | pc=0x00000260 instr=0x00108093 type=addi reason=RAW-WB rs1=x1 rs2=x0
STALL | pc=0x00000264 instr=0x00108093 type=addi reason=RAW-EX rs1=x1 rs2=x0
STALL | pc=0x00000264 instr=0x00108093 type=addi reason=RAW-MEM rs1=x1 rs2=x0
STALL | pc=0x00000264 instr=0x00108093 type=addi reason=RAW-WB rs1=x1 rs2=x0
STALL | pc=0x00000268 instr=0x00108093 type=addi reason=RAW-EX rs1=x1 rs2=x0
STALL | pc=0x00000268 instr=0x00108093 type=addi reason=RAW-MEM rs1=x1 rs2=x0
STALL | pc=0x00000268 instr=0x00108093 type=addi reason=RAW-WB rs1=x1 rs2=x0
STALL | pc=0x0000026C instr=0x00108093 type=addi reason=RAW-EX rs1=x1 rs2=x0
STALL | pc=0x0000026C instr=0x00108093 type=addi reason=RAW-MEM rs1=x1 rs2=x0
STALL | pc=0x0000026C instr=0x00108093 type=addi reason=RAW-WB rs1=x1 rs2=x0
STALL | pc=0x00000270 instr=0x00108093 type=addi reason=RAW-EX rs1=x1 rs2=x0
STALL | pc=0x00000270 instr=0x00108093 type=addi reason=RAW-MEM rs1=x1 rs2=x0
STALL | pc=0x00000270 instr=0x00108093 type=addi reason=RAW-WB rs1=x1 rs2=x0
STALL | pc=0x00000274 instr=0x00108093 type=addi reason=RAW-EX rs1=x1 rs2=x0
STALL | pc=0x00000274 instr=0x00108093 type=addi reason=RAW-MEM rs1=x1 rs2=x0
STALL | pc=0x00000274 instr=0x00108093 type=addi reason=RAW-WB rs1=x1 rs2=x0
STALL | pc=0x00000278 instr=0x00108093 type=addi reason=RAW-EX rs1=x1 rs2=x0
STALL | pc=0x00000278 instr=0x00108093 type=addi reason=RAW-MEM rs1=x1 rs2=x0
STALL | pc=0x00000278 instr=0x00108093 type=addi reason=RAW-WB rs1=x1 rs2=x0
STALL | pc=0x0000027C instr=0x00108093 type=addi reason=RAW-EX rs1=x1 rs2=x0
STALL | pc=0x0000027C instr=0x00108093 type=addi reason=RAW-MEM rs1=x1 rs2=x0
STALL | pc=0x0000027C instr=0x00108093 type=addi reason=RAW-WB rs1=x1 rs2=x0
STALL | pc=0x00000280 instr=0x00108093 type=addi reason=RAW-EX rs1=x1 rs2=x0
STALL | pc=0x00000280 instr=0x00108093 type=addi reason=RAW-MEM rs1=x1 rs2=x0
STALL | pc=0x00000280 instr=0x00108093 type=addi reason=RAW-WB rs1=x1 rs2=x0
STALL | pc=0x00000284 instr=0x00108093 type=addi reason=RAW-EX rs1=x1 rs2=x0
STALL | pc=0x00000284 instr=0x00108093 type=addi reason=RAW-MEM rs1=x1 rs2=x0
STALL | pc=0x00000284 instr=0x00108093 type=addi reason=RAW-WB rs1=x1 rs2=x0
STALL | pc=0x00000288 instr=0x00108093 type=addi reason=RAW-EX rs1=x1 rs2=x0
STALL | pc=0x00000288 instr=0x00108093 type=addi reason=RAW-MEM rs1=x1 rs2=x0
STALL | pc=0x00000288 instr=0x00108093 type=addi reason=RAW-WB rs1=x1 rs2=x0
STALL | pc=0x0000028C instr=0x00108093 type=addi reason=RAW-EX rs1=x1 rs2=x0
STALL | pc=0x0000028C instr=0x00108093 type=addi reason=RAW-MEM rs1=x1 rs2=x0
STALL | pc=0x0000028C instr=0x00108093 type=addi reason=RAW-WB rs1=x1 rs2=x0
STALL | pc=0x00000290 instr=0x00108093 type=addi reason=RAW-EX rs1=x1 rs2=x0
STALL | pc=0x00000290 instr=0x00108093 type=addi reason=RAW-MEM rs1=x1 rs2=x0
STALL | pc=0x00000290 instr=0x00108093 type=addi reason=RAW-WB rs1=x1 rs2=x0
STALL | pc=0x00000294 instr=0x00108093 type=addi reason=RAW-EX rs1=x1 rs2=x0
STALL | pc=0x00000294 instr=0x00108093 type=addi reason=RAW-MEM rs1=x1 rs2=x0
STALL | pc=0x00000294 instr=0x00108093 type=addi reason=RAW-WB rs1=x1 rs2=x0
STALL | pc=0x00000298 instr=0x00108093 type=addi reason=RAW-EX rs1=x1 rs2=x0
STALL | pc=0x00000298 instr=0x00108093 type=addi reason=RAW-MEM rs1=x1 rs2=x0
STALL | pc=0x00000298 instr=0x00108093 type=addi reason=RAW-WB rs1=x1 rs2=x0
STALL | pc=0x0000029C instr=0x00108093 type=addi reason=RAW-EX rs1=x1 rs2=x0
STALL | pc=0x0000029C instr=0x00108093 type=addi reason=RAW-MEM rs1=x1 rs2=x0
STALL | pc=0x0000029C instr=0x00108093 type=addi reason=RAW-WB rs1=x1 rs2=x0
STALL | pc=0x000002A0 instr=0x00108093 type=addi reason=RAW-EX rs1=x1 rs2=x0
STALL | pc=0x000002A0 instr=0x00108093 type=addi reason=RAW-MEM rs1=x1 rs2=x0
STALL | pc=0x000002A0 instr=0x00108093 type=addi reason=RAW-WB rs1=x1 rs2=x0
STALL | pc=0x000002A4 instr=0x00108093 type=addi reason=RAW-EX rs1=x1 rs2=x0
STALL | pc=0x000002A4 instr=0x00108093 type=addi reason=RAW-MEM rs1=x1 rs2=x0
STALL | pc=0x000002A4 instr=0x00108093 type=addi reason=RAW-WB rs1=x1 rs2=x0
STALL | pc=0x000002A8 instr=0x00108093 type=addi reason=RAW-EX rs1=x1 rs2=x0
STALL | pc=0x000002A8 instr=0x00108093 type=addi reason=RAW-MEM rs1=x1 rs2=x0
STALL | pc=0x000002A8 instr=0x00108093 type=addi reason=RAW-WB rs1=x1 rs2=x0
STALL | pc=0x000002AC instr=0x00108093 type=addi reason=RAW-EX rs1=x1 rs2=x0
STALL | pc=0x000002AC instr=0x00108093 type=addi reason=RAW-MEM rs1=x1 rs2=x0
STALL | pc=0x000002AC instr=0x00108093 type=addi reason=RAW-WB rs1=x1 rs2=x0
STALL | pc=0x000002B0 instr=0x00108093 type=addi reason=RAW-EX rs1=x1 rs2=x0
STALL | pc=0x000002B0 instr=0x00108093 type=addi reason=RAW-MEM rs1=x1 rs2=x0
STALL | pc=0x000002B0 instr=0x00108093 type=addi reason=RAW-WB rs1=x1 rs2=x0
STALL | pc=0x000002B4 instr=0x00108093 type=addi reason=RAW-EX rs1=x1 rs2=x0
STALL | pc=0x000002B4 instr=0x00108093 type=addi reason=RAW-MEM rs1=x1 rs2=x0
STALL | pc=0x000002B4 instr=0x00108093 type=addi reason=RAW-WB rs1=x1 rs2=x0
STALL | pc=0x000002B8 instr=0x00108093 type=addi reason=RAW-EX rs1=x1 rs2=x0
STALL | pc=0x000002B8 instr=0x00108093 type=addi reason=RAW-MEM rs1=x1 rs2=x0
STALL | pc=0x000002B8 instr=0x00108093 type=addi reason=RAW-WB rs1=x1 rs2=x0
STALL | pc=0x000002BC instr=0x00108093 type=addi reason=RAW-EX rs1=x1 rs2=x0
STALL | pc=0x000002BC instr=0x00108093 type=addi reason=RAW-MEM rs1=x1 rs2=x0
STALL | pc=0x000002BC instr=0x00108093 type=addi reason=RAW-WB rs1=x1 rs2=x0
STALL | pc=0x000002C0 instr=0x00108093 type=addi reason=RAW-EX rs1=x1 rs2=x0
STALL | pc=0x000002C0 instr=0x00108093 type=addi reason=RAW-MEM rs1=x1 rs2=x0
STALL | pc=0x000002C0 instr=0x00108093 type=addi reason=RAW-WB rs1=x1 rs2=x0
STALL | pc=0x000002C4 instr=0x00108093 type=addi reason=RAW-EX rs1=x1 rs2=x0
STALL | pc=0x000002C4 instr=0x00108093 type=addi reason=RAW-MEM rs1=x1 rs2=x0
STALL | pc=0x000002C4 instr=0x00108093 type=addi reason=RAW-WB rs1=x1 rs2=x0
STALL | pc=0x000002C8 instr=0x00108093 type=addi reason=RAW-EX rs1=x1 rs2=x0
STALL | pc=0x000002C8 instr=0x00108093 type=addi reason=RAW-MEM rs1=x1 rs2=x0
STALL | pc=0x000002C8 instr=0x00108093 type=addi reason=RAW-WB rs1=x1 rs2=x0
STALL | pc=0x000002CC instr=0x00108093 type=addi reason=RAW-EX rs1=x1 rs2=x0
STALL | pc=0x000002CC instr=0x00108093 type=addi reason=RAW-MEM rs1=x1 rs2=x0
STALL | pc=0x000002CC instr=0x00108093 type=addi reason=RAW-WB rs1=x1 rs2=x0
STALL | pc=0x000002D0 instr=0x00108093 type=addi reason=RAW-EX rs1=x1 rs2=x0
STALL | pc=0x000002D0 instr=0x00108093 type=addi reason=RAW-MEM rs1=x1 rs2=x0
STALL | pc=0x000002D0 instr=0x00108093 type=addi reason=RAW-WB rs1=x1 rs2=x0
STALL | pc=0x000002D4 instr=0x00108093 type=addi reason=RAW-EX rs1=x1 rs2=x0
STALL | pc=0x000002D4 instr=0x00108093 type=addi reason=RAW-MEM rs1=x1 rs2=x0
STALL | pc=0x000002D4 instr=0x00108093 type=addi reason=RAW-WB rs1=x1 rs2=x0
STALL | pc=0x000002D8 instr=0x00108093 type=addi reason=RAW-EX rs1=x1 rs2=x0
STALL | pc=0x000002D8 instr=0x00108093 type=addi reason=RAW-MEM rs1=x1 rs2=x0
STALL | pc=0x000002D8 instr=0x00108093 type=addi reason=RAW-WB rs1=x1 rs2=x0
STALL | pc=0x000002DC instr=0x00108093 type=addi reason=RAW-EX rs1=x1 rs2=x0
STALL | pc=0x000002DC instr=0x00108093 type=addi reason=RAW-MEM rs1=x1 rs2=x0
STALL | pc=0x000002DC instr=0x00108093 type=addi reason=RAW-WB rs1=x1 rs2=x0
STALL | pc=0x000002E0 instr=0x00108093 type=addi reason=RAW-EX rs1=x1 rs2=x0
STALL | pc=0x000002E0 instr=0x00108093 type=addi reason=RAW-MEM rs1=x1 rs2=x0
STALL | pc=0x000002E0 instr=0x00108093 type=addi reason=RAW-WB rs1=x1 rs2=x0
STALL | pc=0x000002E4 instr=0x00108093 type=addi reason=RAW-EX rs1=x1 rs2=x0
STALL | pc=0x000002E4 instr=0x00108093 type=addi reason=RAW-MEM rs1=x1 rs2=x0
STALL | pc=0x000002E4 instr=0x00108093 type=addi reason=RAW-WB rs1=x1 rs2=x0
STALL | pc=0x000002E8 instr=0x00108093 type=addi reason=RAW-EX rs1=x1 rs2=x0
STALL | pc=0x000002E8 instr=0x00108093 type=addi reason=RAW-MEM rs1=x1 rs2=x0
STALL | pc=0x000002E8 instr=0x00108093 type=addi reason=RAW-WB rs1=x1 rs2=x0
STALL | pc=0x000002EC instr=0x00108093 type=addi reason=RAW-EX rs1=x1 rs2=x0
STALL | pc=0x000002EC instr=0x00108093 type=addi reason=RAW-MEM rs1=x1 rs2=x0
STALL | pc=0x000002EC instr=0x00108093 type=addi reason=RAW-WB rs1=x1 rs2=x0
STALL | pc=0x000002F0 instr=0x00108093 type=addi reason=RAW-EX rs1=x1 rs2=x0
STALL | pc=0x000002F0 instr=0x00108093 type=addi reason=RAW-MEM rs1=x1 rs2=x0
STALL | pc=0x000002F0 instr=0x00108093 type=addi reason=RAW-WB rs1=x1 rs2=x0
STALL | pc=0x000002F4 instr=0x00108093 type=addi reason=RAW-EX rs1=x1 rs2=x0
STALL | pc=0x000002F4 instr=0x00108093 type=addi reason=RAW-MEM rs1=x1 rs2=x0
STALL | pc=0x000002F4 instr=0x00108093 type=addi reason=RAW-WB rs1=x1 rs2=x0
STALL | pc=0x000002F8 instr=0x00108093 type=addi reason=RAW-EX rs1=x1 rs2=x0
STALL | pc=0x000002F8 instr=0x00108093 type=addi reason=RAW-MEM rs1=x1 rs2=x0
STALL | pc=0x000002F8 instr=0x00108093 type=addi reason=RAW-WB rs1=x1 rs2=x0
STALL | pc=0x000002FC instr=0x00108093 type=addi reason=RAW-EX rs1=x1 rs2=x0
STALL | pc=0x000002FC instr=0x00108093 type=addi reason=RAW-MEM rs1=x1 rs2=x0
STALL | pc=0x000002FC instr=0x00108093 type=addi reason=RAW-WB rs1=x1 rs2=x0
STALL | pc=0x00000300 instr=0x00108093 type=addi reason=RAW-EX rs1=x1 rs2=x0
STALL | pc=0x00000300 instr=0x00108093 type=addi reason=RAW-MEM rs1=x1 rs2=x0
STALL | pc=0x00000300 instr=0x00108093 type=addi reason=RAW-WB rs1=x1 rs2=x0
STALL | pc=0x00000304 instr=0x00108093 type=addi reason=RAW-EX rs1=x1 rs2=x0
STALL | pc=0x00000304 instr=0x00108093 type=addi reason=RAW-MEM rs1=x1 rs2=x0
STALL | pc=0x00000304 instr=0x00108093 type=addi reason=RAW-WB rs1=x1 rs2=x0
STALL | pc=0x00000308 instr=0x00108093 type=addi reason=RAW-EX rs1=x1 rs2=x0
STALL | pc=0x00000308 instr=0x00108093 type=addi reason=RAW-MEM rs1=x1 rs2=x0
STALL | pc=0x00000308 instr=0x00108093 type=addi reason=RAW-WB rs1=x1 rs2=x0
STALL | pc=0x0000030C instr=0x00108093 type=addi reason=RAW-EX rs1=x1 rs2=x0
STALL | pc=0x0000030C instr=0x00108093 type=addi reason=RAW-MEM rs1=x1 rs2=x0
STALL | pc=0x0000030C instr=0x00108093 type=addi reason=RAW-WB rs1=x1 rs2=x0
STALL | pc=0x00000310 instr=0x00108093 type=addi reason=RAW-EX rs1=x1 rs2=x0
STALL | pc=0x00000310 instr=0x00108093 type=addi reason=RAW-MEM rs1=x1 rs2=x0
STALL | pc=0x00000310 instr=0x00108093 type=addi reason=RAW-WB rs1=x1 rs2=x0
STALL | pc=0x00000314 instr=0x00108093 type=addi reason=RAW-EX rs1=x1 rs2=x0
STALL | pc=0x00000314 instr=0x00108093 type=addi reason=RAW-MEM rs1=x1 rs2=x0
STALL | pc=0x00000314 instr=0x00108093 type=addi reason=RAW-WB rs1=x1 rs2=x0
STALL | pc=0x00000318 instr=0x00108093 type=addi reason=RAW-EX rs1=x1 rs2=x0
STALL | pc=0x00000318 instr=0x00108093 type=addi reason=RAW-MEM rs1=x1 rs2=x0
STALL | pc=0x00000318 instr=0x00108093 type=addi reason=RAW-WB rs1=x1 rs2=x0
STALL | pc=0x0000031C instr=0x00108093 type=addi reason=RAW-EX rs1=x1 rs2=x0
STALL | pc=0x0000031C instr=0x00108093 type=addi reason=RAW-MEM rs1=x1 rs2=x0
STALL | pc=0x0000031C instr=0x00108093 type=addi reason=RAW-WB rs1=x1 rs2=x0
STALL | pc=0x00000320 instr=0x00108093 type=addi reason=RAW-EX rs1=x1 rs2=x0
STALL | pc=0x00000320 instr=0x00108093 type=addi reason=RAW-MEM rs1=x1 rs2=x0
STALL | pc=0x00000320 instr=0x00108093 type=addi reason=RAW-WB rs1=x1 rs2=x0
